The ``lazy_matrix_mul`` module
======================

Using ``lazy_matrix_mul``
------------------

>>> lazy_matrix_mul = __import__('101-lazy_matrix_mul').lazy_matrix_mul

>>> lazy_matrix_mul(1, [])
Traceback (most recent call last):
...
TypeError: m_a must be a list


>>> lazy_matrix_mul([], 1)
Traceback (most recent call last):
...
TypeError: m_b must be a list


>>> lazy_matrix_mul([], [])
Traceback (most recent call last):
...
ValueError: m_a can't be empty


>>> lazy_matrix_mul([[1]], [])
Traceback (most recent call last):
...
ValueError: m_b can't be empty

>>> lazy_matrix_mul([[1, '2'], [3, 4]], [[1, 2], [3, 4]])
Traceback (most recent call last):
...
TypeError: m_a should contain only integers or floats


>>> lazy_matrix_mul([[1, 2], [3, 4]], [[1, 2], ["2", 4]])
Traceback (most recent call last):
...
TypeError: m_b should contain only integers or floats


>>> lazy_matrix_mul([[1, 2], [3, 4]], [[1, 2], [3, 4]])
array([[ 7, 10],
       [15, 22]])


>>> lazy_matrix_mul([[1, 2], [3, "2"]], [[1, 2], [3, 4]])
Traceback (most recent call last):
...
TypeError: m_a should contain only integers or floats
